Exp 3 GIT&GITHUB



Ayush Pandey@Ayush MINGW64 ~ (master)
$ git init
Reinitialized existing Git repository in C:/Users/Ayush Pandey/.git/

Ayush Pandey@Ayush MINGW64 ~ (master)
$ mkdir git_local_2

Ayush Pandey@Ayush MINGW64 ~ (master)
$ cd git_local_2

Ayush Pandey@Ayush MINGW64 ~/git_local_2 (master)
$ ls

Ayush Pandey@Ayush MINGW64 ~/git_local_2 (master)
$ ls

Ayush Pandey@Ayush MINGW64 ~/git_local_2 (master)
$  git pull https://github.com/ayush2442/Prac_Class.git
remote: Enumerating objects: 13, done.
remote: Counting objects: 100% (13/13), done.
remote: Compressing objects: 100% (11/11), done.
remote: Total 13 (delta 3), reused 0 (delta 0), pack-reused 0
Unpacking objects: 100% (13/13), 4.93 KiB | 140.00 KiB/s, done.
From https://github.com/ayush2442/Prac_Class
 * branch            HEAD       -> FETCH_HEAD
fatal: refusing to merge unrelated histories

Ayush Pandey@Ayush MINGW64 ~/git_local_2 (master)
$ git checkout origin
error: pathspec 'origin' did not match any file(s) known to git

Ayush Pandey@Ayush MINGW64 ~/git_local_2 (master)
$ git remote add https://github.com/ayush2442/Prac_Class.git
usage: git remote add [<options>] <name> <url>

    -f, --[no-]fetch      fetch the remote branches
    --[no-]tags           import all tags and associated objects when fetching
                          or do not fetch any tag at all (--no-tags)
    -t, --[no-]track <branch>
                          branch(es) to track
    -m, --[no-]master <branch>
                          master branch
    --[no-]mirror[=(push|fetch)]
                          set up remote as a mirror to push to or fetch from


Ayush Pandey@Ayush MINGW64 ~/git_local_2 (master)
$ ls

Ayush Pandey@Ayush MINGW64 ~/git_local_2 (master)
$ git status
warning: could not open directory 'Application Data/': Permission denied
warning: could not open directory 'Cookies/': Permission denied
warning: could not open directory 'Documents/My Music/': Permission denied
warning: could not open directory 'Documents/My Pictures/': Permission denied
warning: could not open directory 'Documents/My Videos/': Permission denied
warning: could not open directory 'Local Settings/': Permission denied
warning: could not open directory 'My Documents/': Permission denied
warning: could not open directory 'NetHood/': Permission denied
warning: could not open directory 'PrintHood/': Permission denied
warning: could not open directory 'Recent/': Permission denied
warning: could not open directory 'SendTo/': Permission denied
warning: could not open directory 'Start Menu/': Permission denied
warning: could not open directory 'Templates/': Permission denied
On branch master
Untracked files:
  (use "git add <file>..." to include in what will be committed)
        ../.VirtualBox/
        ../.android/
        ../.bash_history
        ../.cache/
        ../.git-for-windows-updater
        ../.gitconfig
        ../.lesshst
        ../.viminfo
        ../.vscode/
        ../AppData/
        ../CLionProjects/
        ../Contacts/
        ../Downloads/
        ../Favorites/
        ../IdeaProjects/
        ../Inheritance
        ../IntelGraphicsProfiles/
        ../Java Program VS Code/
        ../Links/
        ../Music/
        ../NTUSER.DAT
        ../NTUSER.DAT{a5d1fdac-b4f4-11ed-b6a0-b9cfbd681c44}.TM.blf
        ../NTUSER.DAT{a5d1fdac-b4f4-11ed-b6a0-b9cfbd681c44}.TMContainer00000000000000000001.regtrans-ms
        ../NTUSER.DAT{a5d1fdac-b4f4-11ed-b6a0-b9cfbd681c44}.TMContainer00000000000000000002.regtrans-ms
        ../OneDrive/
        ../Prac_Class/
        ../PycharmProjects/
        ../Saved Games/
        ../Searches/
        ../Videos/
        ../VirtualBox VMs/
        ../buton.html
        ../button.java
        ../first_git/
        ../git_example_file.java
        ../inher.c++
        ../inheri.cpp
        ../ntuser.dat.LOG1
        ../ntuser.dat.LOG2
        ../ntuser.ini
        ../version

nothing added to commit but untracked files present (use "git add" to track)

Ayush Pandey@Ayush MINGW64 ~/git_local_2 (master)
$ cd ..

Ayush Pandey@Ayush MINGW64 ~ (master)
$ git inti
git: 'inti' is not a git command. See 'git --help'.

The most similar command is
        init

Ayush Pandey@Ayush MINGW64 ~ (master)
$ git init
Reinitialized existing Git repository in C:/Users/Ayush Pandey/.git/

Ayush Pandey@Ayush MINGW64 ~ (master)
$ git remote add https://github.com/ayush2442/Prac_Class.git
usage: git remote add [<options>] <name> <url>

    -f, --[no-]fetch      fetch the remote branches
    --[no-]tags           import all tags and associated objects when fetching
                          or do not fetch any tag at all (--no-tags)
    -t, --[no-]track <branch>
                          branch(es) to track
    -m, --[no-]master <branch>
                          master branch
    --[no-]mirror[=(push|fetch)]
                          set up remote as a mirror to push to or fetch from


Ayush Pandey@Ayush MINGW64 ~ (master)
$ git pull https://github.com/ayush2442/Prac_Class.git
From https://github.com/ayush2442/Prac_Class
 * branch            HEAD       -> FETCH_HEAD
fatal: refusing to merge unrelated histories

Ayush Pandey@Ayush MINGW64 ~ (master)
$ git pull origin master
fatal: 'origin' does not appear to be a git repository
fatal: Could not read from remote repository.

Please make sure you have the correct access rights
and the repository exists.

Ayush Pandey@Ayush MINGW64 ~ (master)
$ cd git_local_2

Ayush Pandey@Ayush MINGW64 ~/git_local_2 (master)
$ git pull origin master
fatal: 'origin' does not appear to be a git repository
fatal: Could not read from remote repository.

Please make sure you have the correct access rights
and the repository exists.

Ayush Pandey@Ayush MINGW64 ~/git_local_2 (master)
$ git pull git_local_2 master
fatal: 'git_local_2' does not appear to be a git repository
fatal: Could not read from remote repository.

Please make sure you have the correct access rights
and the repository exists.

Ayush Pandey@Ayush MINGW64 ~/git_local_2 (master)
$ git pull Prac_Class master
fatal: couldn't find remote ref master

Ayush Pandey@Ayush MINGW64 ~/git_local_2 (master)
$ git clone https://github.com/ayush2442/Prac_Class.git
Cloning into 'Prac_Class'...
remote: Enumerating objects: 13, done.
remote: Counting objects: 100% (13/13), done.
remote: Compressing objects: 100% (11/11), done.
remote: Total 13 (delta 3), reused 0 (delta 0), pack-reused 0
Receiving objects: 100% (13/13), 4.95 KiB | 4.95 MiB/s, done.
Resolving deltas: 100% (3/3), done.

Ayush Pandey@Ayush MINGW64 ~/git_local_2 (master)
$ git pull origin main
fatal: 'origin' does not appear to be a git repository
fatal: Could not read from remote repository.

Please make sure you have the correct access rights
and the repository exists.

Ayush Pandey@Ayush MINGW64 ~/git_local_2 (master)
$ cd Prac_Class

Ayush Pandey@Ayush MINGW64 ~/git_local_2/Prac_Class (main)
$ git pull origin main
From https://github.com/ayush2442/Prac_Class
 * branch            main       -> FETCH_HEAD
Already up to date.

Ayush Pandey@Ayush MINGW64 ~/git_local_2/Prac_Class (main)
$ vi exp3_file.txt

Ayush Pandey@Ayush MINGW64 ~/git_local_2/Prac_Class (main)
$ vi exp3_file2.txt

Ayush Pandey@Ayush MINGW64 ~/git_local_2/Prac_Class (main)
$ git commit -m "This file is commited"
On branch main
Your branch is up to date with 'origin/main'.

Untracked files:
  (use "git add <file>..." to include in what will be committed)
        exp3_file.txt
        exp3_file2.txt

nothing added to commit but untracked files present (use "git add" to track)

Ayush Pandey@Ayush MINGW64 ~/git_local_2/Prac_Class (main)
$ git add exp3_file.txt

Ayush Pandey@Ayush MINGW64 ~/git_local_2/Prac_Class (main)
$ git commit -m "File 1 commited"
[main 80e1793] File 1 commited
 1 file changed, 1 insertion(+)
 create mode 100644 exp3_file.txt

Ayush Pandey@Ayush MINGW64 ~/git_local_2/Prac_Class (main)
$ git add exp3_file2.txt

Ayush Pandey@Ayush MINGW64 ~/git_local_2/Prac_Class (main)
$ git commit -m "File 2 commited"
[main 5a8f232] File 2 commited
 1 file changed, 1 insertion(+)
 create mode 100644 exp3_file2.txt

Ayush Pandey@Ayush MINGW64 ~/git_local_2/Prac_Class (main)
$ git status
On branch main
Your branch is ahead of 'origin/main' by 2 commits.
  (use "git push" to publish your local commits)

nothing to commit, working tree clean

Ayush Pandey@Ayush MINGW64 ~/git_local_2/Prac_Class (main)
$ ls
README.md  calculator.java  exp3_file.txt  exp3_file2.txt  firstfileingithub

Ayush Pandey@Ayush MINGW64 ~/git_local_2/Prac_Class (main)
$ git checkout new1
error: pathspec 'new1' did not match any file(s) known to git

Ayush Pandey@Ayush MINGW64 ~/git_local_2/Prac_Class (main)
$ git checkout
Your branch is ahead of 'origin/main' by 2 commits.
  (use "git push" to publish your local commits)

Ayush Pandey@Ayush MINGW64 ~/git_local_2/Prac_Class (main)
$ git checkout -b new1
Switched to a new branch 'new1'

Ayush Pandey@Ayush MINGW64 ~/git_local_2/Prac_Class (new1)
$ vi exp3_filebranch1

Ayush Pandey@Ayush MINGW64 ~/git_local_2/Prac_Class (new1)
$ git push
fatal: The current branch new1 has no upstream branch.
To push the current branch and set the remote as upstream, use

    git push --set-upstream origin new1

To have this happen automatically for branches without a tracking
upstream, see 'push.autoSetupRemote' in 'git help config'.


Ayush Pandey@Ayush MINGW64 ~/git_local_2/Prac_Class (new1)
$ git checkout main
Switched to branch 'main'
Your branch is ahead of 'origin/main' by 2 commits.
  (use "git push" to publish your local commits)

Ayush Pandey@Ayush MINGW64 ~/git_local_2/Prac_Class (main)
$ git push
info: please complete authentication in your browser...
Enumerating objects: 7, done.
Counting objects: 100% (7/7), done.
Delta compression using up to 8 threads
Compressing objects: 100% (4/4), done.
Writing objects: 100% (6/6), 638 bytes | 638.00 KiB/s, done.
Total 6 (delta 1), reused 0 (delta 0), pack-reused 0
remote: Resolving deltas: 100% (1/1), done.
To https://github.com/ayush2442/Prac_Class.git
   c32a4bd..5a8f232  main -> main

Ayush Pandey@Ayush MINGW64 ~/git_local_2/Prac_Class (main)
$ git push
Everything up-to-date

Ayush Pandey@Ayush MINGW64 ~/git_local_2/Prac_Class (main)
$ git checkout new1
Switched to branch 'new1'

Ayush Pandey@Ayush MINGW64 ~/git_local_2/Prac_Class (new1)
$ git add exp3_filebranch1

Ayush Pandey@Ayush MINGW64 ~/git_local_2/Prac_Class (new1)
$ git commit -m
error: switch `m' requires a value

Ayush Pandey@Ayush MINGW64 ~/git_local_2/Prac_Class (new1)
$ git commit -m "Branch file is commited"
[new1 62f7d7b] Branch file is commited
 1 file changed, 1 insertion(+)
 create mode 100644 exp3_filebranch1

Ayush Pandey@Ayush MINGW64 ~/git_local_2/Prac_Class (new1)
$ git checkout main
Switched to branch 'main'
Your branch is up to date with 'origin/main'.

Ayush Pandey@Ayush MINGW64 ~/git_local_2/Prac_Class (main)
$ git push
Everything up-to-date

Ayush Pandey@Ayush MINGW64 ~/git_local_2/Prac_Class (main)
$ git checkout new1
Switched to branch 'new1'

Ayush Pandey@Ayush MINGW64 ~/git_local_2/Prac_Class (new1)
$ git push
fatal: The current branch new1 has no upstream branch.
To push the current branch and set the remote as upstream, use

    git push --set-upstream origin new1

To have this happen automatically for branches without a tracking
upstream, see 'push.autoSetupRemote' in 'git help config'.


Ayush Pandey@Ayush MINGW64 ~/git_local_2/Prac_Class (new1)
$ git push --set-upstream origin new1
Enumerating objects: 4, done.
Counting objects: 100% (4/4), done.
Delta compression using up to 8 threads
Compressing objects: 100% (2/2), done.
Writing objects: 100% (3/3), 314 bytes | 314.00 KiB/s, done.
Total 3 (delta 1), reused 0 (delta 0), pack-reused 0
remote: Resolving deltas: 100% (1/1), completed with 1 local object.
remote:
remote: Create a pull request for 'new1' on GitHub by visiting:
remote:      https://github.com/ayush2442/Prac_Class/pull/new/new1
remote:
To https://github.com/ayush2442/Prac_Class.git
 * [new branch]      new1 -> new1
branch 'new1' set up to track 'origin/new1'.

Ayush Pandey@Ayush MINGW64 ~/git_local_2/Prac_Class (new1)
$

